97
98
10
98
97
check out this byte: 97
check out this byte: 98
