3
yes
131
maybe
-17161
-294499921
wooo that is cold!
wow a is less than 3??!!!!
400
400
