Even numbers between 0 and 10, going up by 1
0
2
4
6
8
10
Even numbers between 0 and 12, going up by 3
0
6
12
