foo2
3
wooooo
cool beans
shadowed b
foo
foo3
wooooo
wooooo
4
