Printing pairs for (3, 2) without x*y == 2
1
1
2
2
3
1
3
2
Printing pairs for (2, 3) without x*y == 1
1
2
1
3
2
1
2
2
2
3
Printing pairs for (2, 2) without x*y == 9
1
1
1
2
2
1
2
2
