1 * 1 = 1
1 * 2 = 2
1 * 3 = 3
1 * 4 = 4
2 * 1 = 2
2 * 2 = 4
2 * 3 = 6
2 * 4 = 8
3 * 1 = 3
3 * 2 = 6
3 * 3 = 9
3 * 4 = 12
