4
wow!
0
2
-1
55
-1000
-2
6
awesome
99
77
love it
-2
4
56
big fan!
