stack backtrace:
   0: main
error: attempt to divide by zero
