stack backtrace:
   0: main
error: list repeat length argument must be a number, found `[u8]`
