stack backtrace:
   0: main
error: list repeat length argument must be a non-negative number
