error: `main` function not found

error: aborting due to 1 previous error

