[tests/ui/non_function_call.pea:2:5-2:6] error: mismatched types: expected `fn () -> _`, found: `i64`

error: aborting due to 1 previous error

