stack backtrace:
   0: c
   1: b
   2: a
   3: c
   4: b
   5: a
   6: c
   7: b
   8: a
   9: c
  10: b
  11: a
  12: c
  13: b
  14: a
  15: c
  16: b
  17: a
  18: c
  19: b
  20: a
  21: c
  22: b
  23: a
  24: c
  25: b
  26: a
  27: c
  28: b
  29: a
  30: c
  31: b
  32: a
  33: c
  34: b
  35: a
  36: c
  37: b
  38: a
  39: c
  40: b
  41: a
  42: c
  43: b
  44: a
  45: c
  46: b
  47: a
  48: c
  49: b
  50: a
  51: c
  52: b
  53: a
  54: c
  55: b
  56: a
  57: c
  58: b
  59: a
  60: c
  61: b
  62: a
  63: main
error: stack overflow: call stack grew past maximum of 64 call frames
